{
  "parsed_task": {
    "id": "pytest-1",
    "framework": "pytest",
    "file": "src/service.py",
    "target": "status",
    "kind": "function",
    "line_range": "2-2",
    "gap_type": "branch",
    "missing_branches": [
      "未覆盖 if 分支: value == \"active\""
    ],
    "uncovered_lines": [
      2
    ],
    "suggested_inputs": [
      "构造满足条件 `value == \"active\"` 的输入",
      "设置 value 覆盖未执行分支"
    ],
    "goal": "为 status 补充测试，覆盖未执行行段 2-2",
    "command": "python3 -m pytest src/service.py",
    "test_file": "tests/test_service.py",
    "test_name": "test_status_covers_gap",
    "assertion_focus": [
      "断言未覆盖分支的返回值或副作用",
      "未覆盖 if 分支: value == \"active\"",
      "覆盖未执行行: 2"
    ],
    "priority": 103,
    "priority_reason": "已定位到具体函数或方法；分支缺口通常能生成高价值断言；已有建议输入；已有未覆盖行列表；已有推荐测试文件；置信度 0.90",
    "confidence": 0.9
  },
  "generated": {
    "status": "ok",
    "provider": "static",
    "test_file": "tests/test_service.py",
    "generated_cases": 1,
    "coverage_task": {
      "id": "pytest-1",
      "framework": "pytest",
      "file": "src/service.py",
      "target": "status",
      "kind": "function",
      "line_range": "2-2",
      "gap_type": "branch",
      "missing_branches": [
        "未覆盖 if 分支: value == \"active\""
      ],
      "uncovered_lines": [
        2
      ],
      "suggested_inputs": [
        "构造满足条件 `value == \"active\"` 的输入",
        "设置 value 覆盖未执行分支"
      ],
      "goal": "为 status 补充测试，覆盖未执行行段 2-2",
      "command": "python3 -m pytest src/service.py",
      "test_file": "tests/test_service.py",
      "test_name": "test_status_covers_gap",
      "assertion_focus": [
        "断言未覆盖分支的返回值或副作用",
        "未覆盖 if 分支: value == \"active\"",
        "覆盖未执行行: 2"
      ],
      "priority": 103,
      "priority_reason": "已定位到具体函数或方法；分支缺口通常能生成高价值断言；已有建议输入；已有未覆盖行列表；已有推荐测试文件；置信度 0.90",
      "confidence": 0.9
    },
    "context_coverage_task": {
      "id": "pytest-1",
      "framework": "pytest",
      "file": "src/service.py",
      "target": "status",
      "kind": "function",
      "line_range": "2-2",
      "gap_type": "branch",
      "missing_branches": [
        "未覆盖 if 分支: value == \"active\""
      ],
      "uncovered_lines": [
        2
      ],
      "suggested_inputs": [
        "构造满足条件 `value == \"active\"` 的输入",
        "设置 value 覆盖未执行分支"
      ],
      "goal": "为 status 补充测试，覆盖未执行行段 2-2",
      "command": "python3 -m pytest src/service.py",
      "test_file": "tests/test_service.py",
      "test_name": "test_status_covers_gap",
      "assertion_focus": [
        "断言未覆盖分支的返回值或副作用",
        "未覆盖 if 分支: value == \"active\"",
        "覆盖未执行行: 2"
      ],
      "priority": 103,
      "priority_reason": "已定位到具体函数或方法；分支缺口通常能生成高价值断言；已有建议输入；已有未覆盖行列表；已有推荐测试文件；置信度 0.90",
      "confidence": 0.9
    },
    "test_file_content": "from service import status\n\ndef test_status_covers_gap():\n    # coverage task: pytest-1 | lines 2-2 | 断言未覆盖分支的返回值或副作用; 未覆盖 if 分支: value == \"active\"; 覆盖未执行行: 2 | 构造满足条件 `value == \"active\"` 的输入; 设置 value 覆盖未执行分支\n    result = status(\"active\")\n    assert result == (\"ok\")\n\n"
  }
}
